> Task :compileJava UP-TO-DATE
> Task :processResources UP-TO-DATE
> Task :classes UP-TO-DATE
> Task :resolveMainClassName

> Task :bootRun

  .   ____          _            __ _ _
 /\\ / ___'_ __ _ _(_)_ __  __ _ \ \ \ \
( ( )\___ | '_ | '_| | '_ \/ _` | \ \ \ \
 \\/  ___)| |_)| | | | | || (_| |  ) ) ) )
  '  |____| .__|_| |_|_| |_\__, | / / / /
 =========|_|==============|___/=/_/_/_/

 :: Spring Boot ::                (v4.1.0)

2026-06-16T18:08:30.023+07:00  INFO 21524 --- [gatherly] [           main] com.gatherly.GatherlyApplication         : Starting GatherlyApplication using Java 21.0.6 with PID 21524 (D:\AI_Training\Gatherly\backend\build\classes\java\main started by User in D:\AI_Training\Gatherly\backend)
2026-06-16T18:08:30.027+07:00  INFO 21524 --- [gatherly] [           main] com.gatherly.GatherlyApplication         : The following 1 profile is active: "local"
2026-06-16T18:08:31.093+07:00  INFO 21524 --- [gatherly] [           main] .s.d.r.c.RepositoryConfigurationDelegate : Multiple Spring Data modules found, entering strict repository configuration mode
2026-06-16T18:08:31.094+07:00  INFO 21524 --- [gatherly] [           main] .s.d.r.c.RepositoryConfigurationDelegate : Bootstrapping Spring Data JPA repositories in DEFAULT mode.
2026-06-16T18:08:31.250+07:00  INFO 21524 --- [gatherly] [           main] .s.d.r.c.RepositoryConfigurationDelegate : Finished Spring Data repository scanning in 147 ms. Found 13 JPA repository interfaces.
2026-06-16T18:08:31.293+07:00  INFO 21524 --- [gatherly] [           main] .s.d.r.c.RepositoryConfigurationDelegate : Multiple Spring Data modules found, entering strict repository configuration mode
2026-06-16T18:08:31.295+07:00  INFO 21524 --- [gatherly] [           main] .s.d.r.c.RepositoryConfigurationDelegate : Bootstrapping Spring Data Redis repositories in DEFAULT mode.
2026-06-16T18:08:31.312+07:00  INFO 21524 --- [gatherly] [           main] .RepositoryConfigurationExtensionSupport : Spring Data Redis - Could not safely identify store assignment for repository candidate interface com.gatherly.repository.AgendaItemRepository; If you want this repository to be a Redis repository, consider annotating your entities with one of these annotations: org.springframework.data.redis.core.RedisHash (preferred), or consider extending one of the following types with your repository: org.springframework.data.keyvalue.repository.KeyValueRepository
2026-06-16T18:08:31.312+07:00  INFO 21524 --- [gatherly] [           main] .RepositoryConfigurationExtensionSupport : Spring Data Redis - Could not safely identify store assignment for repository candidate interface com.gatherly.repository.EventAssignmentRepository; If you want this repository to be a Redis repository, consider annotating your entities with one of these annotations: org.springframework.data.redis.core.RedisHash (preferred), or consider extending one of the following types with your repository: org.springframework.data.keyvalue.repository.KeyValueRepository
2026-06-16T18:08:31.312+07:00  INFO 21524 --- [gatherly] [           main] .RepositoryConfigurationExtensionSupport : Spring Data Redis - Could not safely identify store assignment for repository candidate interface com.gatherly.repository.EventCheckinRepository; If you want this repository to be a Redis repository, consider annotating your entities with one of these annotations: org.springframework.data.redis.core.RedisHash (preferred), or consider extending one of the following types with your repository: org.springframework.data.keyvalue.repository.KeyValueRepository
2026-06-16T18:08:31.313+07:00  INFO 21524 --- [gatherly] [           main] .RepositoryConfigurationExtensionSupport : Spring Data Redis - Could not safely identify store assignment for repository candidate interface com.gatherly.repository.EventRepository; If you want this repository to be a Redis repository, consider annotating your entities with one of these annotations: org.springframework.data.redis.core.RedisHash (preferred), or consider extending one of the following types with your repository: org.springframework.data.keyvalue.repository.KeyValueRepository
2026-06-16T18:08:31.313+07:00  INFO 21524 --- [gatherly] [           main] .RepositoryConfigurationExtensionSupport : Spring Data Redis - Could not safely identify store assignment for repository candidate interface com.gatherly.repository.FormTemplateRepository; If you want this repository to be a Redis repository, consider annotating your entities with one of these annotations: org.springframework.data.redis.core.RedisHash (preferred), or consider extending one of the following types with your repository: org.springframework.data.keyvalue.repository.KeyValueRepository
2026-06-16T18:08:31.313+07:00  INFO 21524 --- [gatherly] [           main] .RepositoryConfigurationExtensionSupport : Spring Data Redis - Could not safely identify store assignment for repository candidate interface com.gatherly.repository.MainSupplyItemRepository; If you want this repository to be a Redis repository, consider annotating your entities with one of these annotations: org.springframework.data.redis.core.RedisHash (preferred), or consider extending one of the following types with your repository: org.springframework.data.keyvalue.repository.KeyValueRepository
2026-06-16T18:08:31.313+07:00  INFO 21524 --- [gatherly] [           main] .RepositoryConfigurationExtensionSupport : Spring Data Redis - Could not safely identify store assignment for repository candidate interface com.gatherly.repository.MaterialRepository; If you want this repository to be a Redis repository, consider annotating your entities with one of these annotations: org.springframework.data.redis.core.RedisHash (preferred), or consider extending one of the following types with your repository: org.springframework.data.keyvalue.repository.KeyValueRepository
2026-06-16T18:08:31.313+07:00  INFO 21524 --- [gatherly] [           main] .RepositoryConfigurationExtensionSupport : Spring Data Redis - Could not safely identify store assignment for repository candidate interface com.gatherly.repository.MaterialStatusHistoryRepository; If you want this repository to be a Redis repository, consider annotating your entities with one of these annotations: org.springframework.data.redis.core.RedisHash (preferred), or consider extending one of the following types with your repository: org.springframework.data.keyvalue.repository.KeyValueRepository
2026-06-16T18:08:31.313+07:00  INFO 21524 --- [gatherly] [           main] .RepositoryConfigurationExtensionSupport : Spring Data Redis - Could not safely identify store assignment for repository candidate interface com.gatherly.repository.OrganizationRepository; If you want this repository to be a Redis repository, consider annotating your entities with one of these annotations: org.springframework.data.redis.core.RedisHash (preferred), or consider extending one of the following types with your repository: org.springframework.data.keyvalue.repository.KeyValueRepository
2026-06-16T18:08:31.313+07:00  INFO 21524 --- [gatherly] [           main] .RepositoryConfigurationExtensionSupport : Spring Data Redis - Could not safely identify store assignment for repository candidate interface com.gatherly.repository.RefreshTokenRepository; If you want this repository to be a Redis repository, consider annotating your entities with one of these annotations: org.springframework.data.redis.core.RedisHash (preferred), or consider extending one of the following types with your repository: org.springframework.data.keyvalue.repository.KeyValueRepository
2026-06-16T18:08:31.313+07:00  INFO 21524 --- [gatherly] [           main] .RepositoryConfigurationExtensionSupport : Spring Data Redis - Could not safely identify store assignment for repository candidate interface com.gatherly.repository.RegistrationFormRepository; If you want this repository to be a Redis repository, consider annotating your entities with one of these annotations: org.springframework.data.redis.core.RedisHash (preferred), or consider extending one of the following types with your repository: org.springframework.data.keyvalue.repository.KeyValueRepository
2026-06-16T18:08:31.313+07:00  INFO 21524 --- [gatherly] [           main] .RepositoryConfigurationExtensionSupport : Spring Data Redis - Could not safely identify store assignment for repository candidate interface com.gatherly.repository.RegistrationSubmissionRepository; If you want this repository to be a Redis repository, consider annotating your entities with one of these annotations: org.springframework.data.redis.core.RedisHash (preferred), or consider extending one of the following types with your repository: org.springframework.data.keyvalue.repository.KeyValueRepository
2026-06-16T18:08:31.313+07:00  INFO 21524 --- [gatherly] [           main] .RepositoryConfigurationExtensionSupport : Spring Data Redis - Could not safely identify store assignment for repository candidate interface com.gatherly.repository.UserRepository; If you want this repository to be a Redis repository, consider annotating your entities with one of these annotations: org.springframework.data.redis.core.RedisHash (preferred), or consider extending one of the following types with your repository: org.springframework.data.keyvalue.repository.KeyValueRepository
2026-06-16T18:08:31.313+07:00  INFO 21524 --- [gatherly] [           main] .s.d.r.c.RepositoryConfigurationDelegate : Finished Spring Data repository scanning in 10 ms. Found 0 Redis repository interfaces.
2026-06-16T18:08:32.189+07:00  INFO 21524 --- [gatherly] [           main] o.s.boot.tomcat.TomcatWebServer          : Tomcat initialized with port 9091 (http)
2026-06-16T18:08:32.204+07:00  INFO 21524 --- [gatherly] [           main] o.apache.catalina.core.StandardService   : Starting service [Tomcat]
2026-06-16T18:08:32.204+07:00  INFO 21524 --- [gatherly] [           main] o.apache.catalina.core.StandardEngine    : Starting Servlet engine: [Apache Tomcat/11.0.22]
2026-06-16T18:08:32.267+07:00  INFO 21524 --- [gatherly] [           main] b.w.c.s.WebApplicationContextInitializer : Root WebApplicationContext: initialization completed in 2181 ms
2026-06-16T18:08:33.136+07:00  INFO 21524 --- [gatherly] [           main] com.zaxxer.hikari.HikariDataSource       : HikariPool-1 - Starting...
2026-06-16T18:08:33.412+07:00  INFO 21524 --- [gatherly] [           main] com.zaxxer.hikari.pool.HikariPool        : HikariPool-1 - Added connection org.postgresql.jdbc.PgConnection@7be6dabb
2026-06-16T18:08:33.414+07:00  INFO 21524 --- [gatherly] [           main] com.zaxxer.hikari.HikariDataSource       : HikariPool-1 - Start completed.
2026-06-16T18:08:33.463+07:00  INFO 21524 --- [gatherly] [           main] org.flywaydb.core.FlywayExecutor         : Database: jdbc:postgresql://96.9.81.187:5455/gartherly (PostgreSQL 16.11)
2026-06-16T18:08:33.665+07:00  INFO 21524 --- [gatherly] [           main] o.f.core.internal.command.DbValidate     : Successfully validated 6 migrations (execution time 00:00.082s)
2026-06-16T18:08:33.733+07:00  INFO 21524 --- [gatherly] [           main] o.f.core.internal.command.DbMigrate      : Current version of schema "public": 6
2026-06-16T18:08:33.738+07:00  INFO 21524 --- [gatherly] [           main] o.f.core.internal.command.DbMigrate      : Schema "public" is up to date. No migration necessary.
2026-06-16T18:08:33.951+07:00  INFO 21524 --- [gatherly] [           main] org.hibernate.orm.jpa                    : HHH008540: Processing PersistenceUnitInfo [name: default]
2026-06-16T18:08:34.009+07:00  INFO 21524 --- [gatherly] [           main] org.hibernate.orm.core                   : HHH000001: Hibernate ORM core version 7.4.1.Final
2026-06-16T18:08:34.405+07:00  INFO 21524 --- [gatherly] [           main] o.s.o.j.p.SpringPersistenceUnitInfo      : No LoadTimeWeaver setup: ignoring JPA class transformer
2026-06-16T18:08:34.479+07:00  WARN 21524 --- [gatherly] [           main] org.hibernate.orm.deprecation            : HHH90000025: PostgreSQLDialect does not need to be specified explicitly using 'hibernate.dialect' (remove the property setting and it will be selected by default)
2026-06-16T18:08:34.503+07:00  INFO 21524 --- [gatherly] [           main] org.hibernate.orm.connections.pooling    : HHH10001005: Database info:
	Database JDBC URL [jdbc:postgresql://96.9.81.187:5455/gartherly]
	Database driver: PostgreSQL JDBC Driver
	Database dialect: PostgreSQLDialect
	Database version: 16.11
	Default catalog/schema: gartherly/public
	Autocommit mode: undefined/unknown
	Isolation level: READ_COMMITTED [default READ_COMMITTED]
	JDBC fetch size: none
	Pool: DataSourceConnectionProvider
	Minimum pool size: undefined/unknown
	Maximum pool size: undefined/unknown
2026-06-16T18:08:35.700+07:00  INFO 21524 --- [gatherly] [           main] org.hibernate.orm.core                   : HHH000489: No JTA platform available (set 'hibernate.transaction.jta.platform' to enable JTA platform integration)
2026-06-16T18:08:35.870+07:00  INFO 21524 --- [gatherly] [           main] j.LocalContainerEntityManagerFactoryBean : Initialized JPA EntityManagerFactory for persistence unit 'default'
2026-06-16T18:08:36.020+07:00  INFO 21524 --- [gatherly] [           main] o.s.d.j.r.query.QueryEnhancerFactories   : Hibernate is in classpath; If applicable, HQL parser will be used.
2026-06-16T18:08:38.808+07:00  WARN 21524 --- [gatherly] [           main] .s.a.UserDetailsServiceAutoConfiguration : 

Using generated security password: 6f77cd8c-30a7-4431-a771-caca80c2ac6c

This generated password is for development use only. Your security configuration must be updated before running your application in production.

2026-06-16T18:08:38.816+07:00  INFO 21524 --- [gatherly] [           main] r$InitializeUserDetailsManagerConfigurer : Global AuthenticationManager configured with UserDetailsService bean with name inMemoryUserDetailsManager
2026-06-16T18:08:39.798+07:00  INFO 21524 --- [gatherly] [           main] o.s.b.a.e.web.EndpointLinksResolver      : Exposing 3 endpoints beneath base path '/actuator'
2026-06-16T18:08:39.882+07:00  INFO 21524 --- [gatherly] [           main] o.s.boot.tomcat.TomcatWebServer          : Tomcat started on port 9091 (http) with context path '/'
2026-06-16T18:08:39.892+07:00  INFO 21524 --- [gatherly] [           main] com.gatherly.GatherlyApplication         : Started GatherlyApplication in 10.376 seconds (process running for 10.78)
2026-06-16T18:08:40.187+07:00  WARN 21524 --- [gatherly] [           main] o.s.core.events.SpringDocAppInitializer  : SpringDoc /v3/api-docs endpoint is enabled by default. To disable it in production, set the property 'springdoc.api-docs.enabled=false'
2026-06-16T18:08:40.187+07:00  WARN 21524 --- [gatherly] [           main] o.s.core.events.SpringDocAppInitializer  : SpringDoc /swagger-ui.html endpoint is enabled by default. To disable it in production, set the property 'springdoc.swagger-ui.enabled=false'
